core_cm4.h:1037:22:NVIC_SetPriorityGrouping	24	static
main.c:49:5:main	16	static
main.c:77:13:adcInit	40	static
main.c:106:13:gpioInit	24	static
main.c:141:13:timerInit	40	static
main.c:169:17:getADC	8	static
main.c:181:13:TrafficFlowAdjustment	24	static
main.c:194:13:TrafficGenerator	16	static
main.c:205:13:LightState	16	static
main.c:218:13:SystemDisplay	16	static
main.c:229:6:vApplicationMallocFailedHook	4	static
main.c:243:6:vApplicationStackOverflowHook	16	static
main.c:257:6:vApplicationIdleHook	16	static
main.c:279:13:prvSetupHardware	8	static
