core_cm4.h:1037:22:NVIC_SetPriorityGrouping	24	static
main.c:63:5:main	24	static
main.c:108:13:adcInit	40	static
main.c:137:13:gpioInit	16	static
main.c:159:17:getADC	8	static
main.c:171:13:TrafficFlowAdjustment	24	static
main.c:189:13:TrafficGenerator	40	static
main.c:221:13:LightState	32	static
main.c:287:13:SystemDisplay	40	static
main.c:356:6:vApplicationMallocFailedHook	4	static
main.c:370:6:vApplicationStackOverflowHook	16	static
main.c:384:6:vApplicationIdleHook	16	static
main.c:406:13:prvSetupHardware	8	static
